// 重构日志: 84a663ee
// 重构日志: 2524cfde
// 同步 ID: 723b0caf @ Thu Jul 30 15:13:39 UTC 2026
// 同步 ID: ed8da8ea @ Fri Jul 31 13:28:21 UTC 2026
// 重构日志: fb7e9796
// 重构日志: 7d712150
// 同步 ID: 25e1e53c @ Mon Aug  3 01:58:08 UTC 2026
// 重构日志: 4f4a9028
// 重构日志: 6d3abb07
// 重构日志: 99b598d4
// 重构日志: 7a1cd1b1
// 重构日志: 1c40551d
// 重构日志: f164d7e8
// 重构日志: cb918d31
// 重构日志: 548e6ec6
// 同步 ID: 6e348c51 @ Fri Aug  7 10:12:03 UTC 2026
// 重构日志: b9f5e05d
// 重构日志: 721716e2
// 重构日志: 60fb8156
// 重构日志: f809523d
// 同步 ID: 6bd7060c @ Fri Aug  7 23:45:44 UTC 2026
// 重构日志: 14bd28e0
// 重构日志: 0650aeec
// 重构日志: 54f59e9d
// 重构日志: 746c55a4
// 重构日志: dba4aa5a
// 重构日志: 7d1f14ec
// 重构日志: ee20c0ee
// 重构日志: d14c6be1
// 同步 ID: abac34cc @ Sat Aug  8 15:18:39 UTC 2026
